
> agentflow-customer-dashboard-demo@1.0.0 test
> node --test

✔ listing paginates after filtering and preserves total (12.991292ms)
✔ search and segment combine, with descending ID order (0.1665ms)
✔ matching customers ignore pagination while preserving filters and sort (0.112791ms)
✔ zero matches and invalid pagination have safe defaults (0.115125ms)
✔ customer API returns a paginated synthetic dataset (39.193584ms)
✔ dashboard and CSV download are served with appropriate content types (6.376667ms)
✔ CSV export includes all filtered records and ignores pagination (2.724792ms)
✔ CSV export preserves commas, quotes, line breaks, empty text, and Unicode (0.367917ms)
✔ CSV export returns headers only when filters match no customers (3.668458ms)
✔ export preview returns count, columns, and first five matching records (3.4495ms)
✔ export preview returns unchanged columns and empty sample for no matches (2.48175ms)
✔ unknown paths and mutation requests are rejected (5.018042ms)
ℹ tests 12
ℹ suites 0
ℹ pass 12
ℹ fail 0
ℹ cancelled 0
ℹ skipped 0
ℹ todo 0
ℹ duration_ms 207.713916
{
  "passed": true,
  "checks": 24,
  "passed_checks": 24,
  "repo": ".",
  "results": [
    {
      "case": "all 137 customers",
      "passed": true,
      "expected_records": 137
    },
    {
      "case": "page two does not limit export",
      "passed": true,
      "expected_records": 137
    },
    {
      "case": "active customers across pages",
      "passed": true,
      "expected_records": 103
    },
    {
      "case": "active growth descending",
      "passed": true,
      "expected_records": 35
    },
    {
      "case": "combined case-insensitive search",
      "passed": true,
      "expected_records": 5
    },
    {
      "case": "quoted field and LF",
      "passed": true,
      "expected_records": 1
    },
    {
      "case": "Unicode and comma",
      "passed": true,
      "expected_records": 1
    },
    {
      "case": "embedded quotes and CRLF",
      "passed": true,
      "expected_records": 1
    },
    {
      "case": "non-Latin text",
      "passed": true,
      "expected_records": 1
    },
    {
      "case": "ordinary record and empty note",
      "passed": true,
      "expected_records": 1
    },
    {
      "case": "no matches produces header only",
      "passed": true,
      "expected_records": 0
    },
    {
      "case": "inactive enterprise descending",
      "passed": true,
      "expected_records": 11
    },
    {
      "case": "listing: all 137 customers",
      "passed": true,
      "expected_records": 25
    },
    {
      "case": "listing: page two does not limit export",
      "passed": true,
      "expected_records": 7
    },
    {
      "case": "listing: active customers across pages",
      "passed": true,
      "expected_records": 25
    },
    {
      "case": "listing: active growth descending",
      "passed": true,
      "expected_records": 5
    },
    {
      "case": "listing: combined case-insensitive search",
      "passed": true,
      "expected_records": 5
    },
    {
      "case": "listing: quoted field and LF",
      "passed": true,
      "expected_records": 1
    },
    {
      "case": "listing: Unicode and comma",
      "passed": true,
      "expected_records": 1
    },
    {
      "case": "listing: embedded quotes and CRLF",
      "passed": true,
      "expected_records": 1
    },
    {
      "case": "listing: non-Latin text",
      "passed": true,
      "expected_records": 1
    },
    {
      "case": "listing: ordinary record and empty note",
      "passed": true,
      "expected_records": 1
    },
    {
      "case": "listing: no matches produces header only",
      "passed": true,
      "expected_records": 0
    },
    {
      "case": "listing: inactive enterprise descending",
      "passed": true,
      "expected_records": 11
    }
  ]
}
{
  "passed": true,
  "preview_checks": [
    {
      "case": "all matching customers",
      "passed": true
    },
    {
      "case": "active customers from page two",
      "passed": true
    },
    {
      "case": "combined filters descending",
      "passed": true
    },
    {
      "case": "search with commas and line breaks",
      "passed": true
    },
    {
      "case": "no results",
      "passed": true
    }
  ]
}
